--- bash tests/fm-classify-decision-key.test.sh ---
ok - a stated [key=X] opens X whether it precedes or follows the verb colon
ok - a keyless needs-decision still opens and closes the default key
ok - a resolution closes its decision regardless of either line's key position
ok - blocked [key=X] opens X in both key positions
ok - two colon-form keyed decisions never collapse into one shared bucket
ok - a [key=x] mentioned mid-note is prose, never an opened or closed key
ok - a malformed stated key is rejected in both positions, never folded as default
ok - status_line_verb strips every bracket tag before the colon, in any order, and recovers the bare verb
ok - a [corr=...] tag ahead of [key=...] no longer swallows the verb: opens and closes under the stated key
ok - a [corr=...] tag with no stated key opens under 'default', exactly like a bare needs-decision line
ok - a [key=x] tag alone (no corr tag) still opens x - no regression from the tag-stripping fix
ok - blocked/resolved parse their bare verb with any bracket-tag order preceding the colon
ok - the incremental fold matches the full fold across appends in both key positions
ok - status_key_closing_verb separates resolution, durable transfer, and still-open
ok - status_key_closing_verb reports the last real transition, in either key position
ok - per-key reads retain resolutions without subprocess work growing with unrelated history
ok - overridden resolve and durable-transfer verbs still close keys behind unrelated history
ok - per-key filtering retains ship/scout terminals, reopenings, and secondmate blockers
ok - prose without a colon cannot impersonate a ship or scout terminal declaration
ok - only a colon-bearing or keyed line is a decision transition in the fold
exit=0
--- bash tests/fm-wake-drain-open-decisions-cursor.test.sh ---
ok - terminal supersession reaches whole-file reads, incremental drains, old caches, and captured spans
ok - folded decisions are rebuilt when task-kind evidence changes
ok - a truncated/rewritten log falls back to a full re-fold instead of dropping or misreading the decision
ok - a same-size file rotation (new inode) is detected and falls back to a full re-fold
ok - a failed presentation read preserves status state for retry
ok - a cursor-cache read failure refolds decisions without replaying handled unread status
ok - a pre-fix cursor is rebuilt so a previously skipped corr-tagged decision surfaces
ok - an old fold cache is rebuilt once before same-version incremental reads resume
ok - a buried decision survives many growing drains with bounded read cost, and resolution durably clears it at bounded cost too
exit=0
--- bash tests/fm-inactive-reconcile.test.sh ---
actionable: inactive terminal outcome awaiting captain presentation: child=child state=done pr=https://example.test/owner/repo/pull/1
ok - main direct terminal presentation has a durable receipt
ok - secondmate delivers a child's terminal ledger line once, on the next poll, from the ledger alone
ok - multiline terminal outcomes are reported once before or during a state read
ok - an unterminated continuation line does not withhold a proven child outcome
ok - busy child locks do not starve later ledger outcomes
ok - ledger delivery carries the report pointer, the failed verb, and each new terminal line
ok - pr= requires the recorded PR or a ready-signal terminal line, and never a scout
ok - terminal lines arriving during state reads remain ledger-owned
ok - inactive and ledger paths reconcile one raced completion without hiding later events
ok - progress after an inactive fallback starts a distinct terminal event
ok - complete long ledger lines retain distinct receipt identities
ok - a ledger line still being appended waits for its newline
ok - the remote route carries a child's ledger line once
ok - report delivers a child's final line, owes nothing twice, and refuses only an unwritable channel
ok - report preserves teardown's metadata-before-scan lock order
actionable: child outcome needs parent report: child=child state=failed (missing or unreadable parent binding .fm-secondmate-parent)
ok - relative local parent homes fail closed
ok - invalid secondmate markers block routing and surface the obligation
ok - remote parent-replies mirror input is durable and idempotent
ok - reused task ids retain per-incarnation terminal receipts
ok - legacy metadata rewrites preserve terminal receipt identity
ok - relaunch cannot replace metadata during terminal snapshot
actionable: inactive terminal outcome awaiting captain presentation: child=child state=done pr=https://example.test/owner/repo/pull/1
ok - terminal reconciliation ignores heartbeat backoff state
actionable: inactive terminal outcome awaiting captain presentation: child=child state=done pr=https://example.test/owner/repo/pull/1
ok - scan marker replaces a symlink without overwriting its target
ok - nonterminal and captain-held workers remain outside inactive terminal reporting
ok - watcher hook wakes for terminal loss and preserves idle secondmate exemption
ok - the real watcher poll delivers a child's terminal ledger line to the parent channel
actionable: inactive terminal outcome awaiting captain presentation: child=b state=done pr=https://example.test/owner/repo/pull/1
ok - stalled state reads are bounded without starving later children
ok - aggregate scan budget includes durable wake operations
actionable: inactive terminal outcome needs parent report: child=child state=failed (missing or unreadable parent binding .fm-secondmate-parent)
ok - notice recovery remains idempotent across queue acknowledgement
ok - a secondmate home with no parent binding names the missing binding instead of failing quietly
actionable: inactive terminal outcome awaiting captain presentation: child=child state=done pr=https://example.test/owner/repo/pull/1
ok - reconciliation makes zero forge or PR API calls
actionable: inactive terminal outcome awaiting captain presentation: child=child state=done pr=https://example.test/owner/repo/pull/1
ok - reconciliation state reads set no-forge mode
all inactive reconciliation tests passed
exit=0
--- bash tests/fm-send-resolve-key.test.sh ---
ok - fm-send --resolve-key: the answer send itself closes the open decision
ok - fm-send --resolve-key: the close never re-wakes its own home, later lines still do
ok - fm-send --resolve-key: a colon-first stated key is open under that key and answerable
ok - fm-send --resolve-key: an answer that starts a workstream leaves no orphaned decision
ok - fm-send preserves decisions through routine work and refuses superseded terminal decisions
ok - fm-send --resolve-key: a key that is not open refuses loudly before anything is sent
ok - fm-send --resolve-key: the close happens at enqueue, surviving a failed doorbell
ok - fm-send --resolve-key: a failed enqueue never closes the decision
ok - fm-send --resolve-key: one answer closes each named key and only those
ok - fm-send --resolve-key: a marked local-secondmate answer closes with the plain answer text
ok - fm-send --resolve-key: a remote-secondmate answer closes the same local ledger, transport-only difference
ok - fm-send --resolve-key: a remote reply's leading [corr=...] tag no longer blocks closing its stated key
ok - fm-send --resolve-key: a failed remote transport never closes the decision
ok - fm-send --resolve-key: --key, empty message, explicit targets, and malformed keys refuse loudly
ok - fm-send --resolve-key: a reserved pending-reply key actually closes through the operator path
ok - fm-send --resolve-key: an unrelated writer cannot close or hijack a reserved key, and the operator close still can
ok - fm-send --resolve-key: a reserved key this send cannot close refuses loudly before anything is sent
ok - fm-send --resolve-key: an overlong decision key refuses before sending
ok - fm-send --resolve-key: failed-close recovery commands safely quote operator text and paths
ok - fm-send --resolve-key: a remote secondmate reserved-key close is the same local ledger append
exit=0
--- bash tests/fm-captain-hold-lifecycle.test.sh ---
ok - report-only unresolved captain call is reproduced and completion refuses before loss
ok - both body-decoding paths work without the allow_nonref default
ok - cleanup preserves every byte of a retained body's non-ASCII characters
ok - the completion gate attests captain-held inventory and transfers open status decisions
ok - answer records the captain's words, closes idempotently, and releases routed work
ok - release frees held work with the captain's words recorded and the body preserved
ok - captain holds become visible only after their hold-set timestamp is durable
ok - an interrupted answer preserves its hold age until close retry
ok - a deferred captain call leaves the live Captain's Call until its date and stays answerable
ok - an out-of-band close is recordable with the captain's word and nothing else
ok - ended visual review follows the same captain-hold completion owner
ok - resolved findings and decision-like prose do not create captain-held tasks
ok - terminal single-owner stale status decisions do not block empty inventory
ok - main-home and secondmate-home captain calls remain correctly routed
ok - a secondmate home publishes each hold occurrence and its answer on the parent channel
ok - secondmate resolutions publish before retiring durable retry triggers
ok - a bound channel's captured answers close their captain-held tasks at answer time
ok - only a bound captured source creates reconcile requests
ok - normal answers and their replays retire reconcile requests
ok - reconcile closes a moot call with evidence and keeps an active one open with a note
ok - reconcile outcomes apply durable mutations once across partial failures
ok - a channel source with no decision binding closes nothing
ok - legacy identities, metadata, bindings, and the shim keep working
ok - a board answer reaches the keyed-answer intake and wakes firstmate
ok - the chat channel feeds the same keyed-answer intake a captured review does
ok - completion and verification validate origins before constructing paths
ok - a status resolution over a still-open captain-held task is signalled, not closed
ok - a captain call with no routed work, a verified transfer, an open decision, and an answered call all stay silent
ok - cleanup leaves a captain-held work item open with its deliverable, and only an answer closes it
ok - a retained captain call keeps a project-grouped report as a row artifact
ok - release and scout report retention distinguish deliveries from rejected merge answers
ok - an interrupted cleanup keeps the captain call recoverable and session start retains it
ok - an answer before cleanup replay preserves the retained report
ok - an unusable pending-close record names its reason instead of a bare refusal
ok - an unsupported relocated report does not wedge the captain's answer
ok - cleanup retains captain calls in the configured backlog
ok - merge approval releases before zero-retention cleanup records completion
ok - the PR merge entrypoint refuses a captain-held task before merging
ok - the local merge entrypoint refuses a captain-held task before merging
ok - the PR merge entrypoint separates an unreadable authority record from an absent one
ok - the local merge entrypoint separates an unreadable authority record from an absent one
ok - merge entrypoints reject unsafe identities and absent state before locking
ok - merge entrypoints refuse a replacement incarnation after waiting for cleanup
ok - merge entrypoints own task state before forced cleanup can retire it
ok - a released merge passes the guarded entrypoint and remains recently landed
ok - cleanup refuses a ship row when its captain hold cannot be read
ok - skipped on markdown-only tasks-axi: verify against a beads-migrated hold
ok - skipped on markdown-only tasks-axi: verify against a prefix-migrated hold
ok - skipped on markdown-only tasks-axi: prefer a marker-noted row over a prefix namesake
ok - skipped on markdown-only tasks-axi: complete against a beads-migrated hold
ok - skipped on markdown-only tasks-axi: verify an unresolvable beads legacy id
ok - skipped on markdown-only tasks-axi: verify a derived pre-collapse key
ok - captain-hold mutations address the beads backend without a markdown override
exit=0
