FM_TEST_BEGIN 2026-09-13T23:38:08Z tests/fm-brief.test.sh family=pure-contract-unit expected_gate_skip=none
ok - fm-brief: scaffolds leave the worker role scope to the launch boundary and keep the secondmate contract
ok - fm-brief.sh: bash -n succeeds
/private/var/folders/kc/90bft43x3sj0s76yp56ylh7c0000gn/T/fm-test-run.AfWi3K/w1/tmp/fm-brief.UGMg7v/heredoc-in-substitution.sh:2
ok - fm-brief.sh: no heredoc is nested inside a command substitution (Bash 3.2 parse-safe)
ok - fm-brief.sh: --help renders the complete header
ok - fm-brief.sh: every ship mode generates cleanly and requires a durable report plus saved evidence
ok - fm-brief.sh: ship --mode is required and closed-set validated
ok - fm-brief.sh: the explicit ship mode wins over the registered posture
ok - fm-brief.sh: --yolo and scout/secondmate --mode are refused, never silently dropped
ok - fm-brief.sh: faster paths use configured authority without stacked review
ok - fm-brief.sh: no-mistakes DOD keeps its apostrophe prose and bans --yes outright
ok - fm-brief.sh: no-mistakes ask-user findings use one event plus a verbatim snapshot
ok - fm-brief.sh: ship project-memory wording carries the AGENTS.md authoring bar
ok - fm-brief.sh: context rules reach every crewmate variant and repo-artifact rules only where a repo artifact exists
ok - fm-brief.sh: --herdr-lab emits the complete hard safety contract
ok - fm-brief.sh: --herdr-lab uses its quoted Firstmate-owned helper path
ok - fm-brief.sh: ship and scout scaffolds make omitted Herdr intent fail-visible
ok - fm-brief.sh: the documented {TASK} and {FIRSTMATE_SPEC} fills cannot corrupt the Herdr safety gate
ok - fm-brief.sh: Herdr lab contract covers scouts and rejects secondmate misuse
ok - fm-brief.sh: --no-projects scaffolds a project-less charter and guards misuse
ok - fm-brief.sh: marked requests avoid generic acknowledgements and preserve material reporting
ok - fm-brief.sh: relative directory inputs ignore CDPATH, render stable absolute charter paths, or fail loudly
ok - fm-brief.sh: custom pause verb renders in every scaffold
ok - fm-brief.sh: investigation and visual-review completions load the shared decision policy
ok - fm-brief: scout and secondmate code paths still scaffold well-formed briefs
ok - fm-brief.sh: scout Lavish hosting follows the bootstrap lavish-axi floor
FM_TEST_END 2026-09-13T23:38:37Z tests/fm-brief.test.sh exit=0 duration_ms=28950 gate_skip=false
FM_TEST_BEGIN 2026-09-13T23:38:37Z tests/fm-secondmate-liveness.test.sh family=secondmate expected_gate_skip=none
ok - fm_backend_tmux_agent_state: separates live, dead, missing, ambiguous, and unreadable
ok - fm_backend_tmux_agent_state: rejects malformed targets before probing tmux
ok - fm_backend_herdr_agent_state: preserves missing/no-agent/live/unknown husk behavior
ok - fm_backend_agent_state: routes tmux/Herdr and keeps Zellij unverified
ok - sweep: a confirmed-dead secondmate endpoint is killed and respawned
ok - sweep: an already-live secondmate is untouched and distinguishable in verbose diagnostics
ok - sweep: an authoritatively missing Pi secondmate window is relaunched
ok - sweep: an authoritatively missing pi-signed secondmate window is relaunched
ok - sweep: an existing ambiguous Pi process prevents duplicate recovery
ok - sweep: transient target unreadability never licenses recovery
ok - sweep: failed relaunch diagnostics distinguish a confidently missing endpoint
ok - sweep: an unverified harness blocks recovery with a concrete diagnostic
ok - sweep: idempotent by construction - a live secondmate is never re-touched on a later run
ok - sweep: skipped entirely under FM_BOOTSTRAP_DETECT_ONLY=1, exactly like the other mutating sweeps
ok - sweep: a silent no-op with no kind=secondmate meta present (a secondmate home's own natural scoping)
# all fm-secondmate-liveness tests passed
FM_TEST_END 2026-09-13T23:39:37Z tests/fm-secondmate-liveness.test.sh exit=0 duration_ms=59709 gate_skip=false
FM_TEST_SUMMARY total=2 failed=0 skipped_gate=0 duration_ms=89246
FM_TEST_SUMMARY_FAMILY family=pure-contract-unit count=1 duration_ms=28950 failed=0
FM_TEST_SUMMARY_FAMILY family=secondmate count=1 duration_ms=59709 failed=0
FM_TEST_SLOWEST rank=1 script=tests/fm-secondmate-liveness.test.sh duration_ms=59709
FM_TEST_SLOWEST rank=2 script=tests/fm-brief.test.sh duration_ms=28950
